Kobo app simulator: http://127.0.0.1:50937
drive: every step passed; screenshots in /Users/abhishekanand/Downloads/cobalt-quality-apps/docs/quality/evidence/gutenbird-setup/default
drive: every step passed; screenshots in /Users/abhishekanand/Downloads/cobalt-quality-apps/docs/quality/evidence/gutenbird-setup/default
shot /Users/abhishekanand/Downloads/cobalt-quality-apps/docs/quality/evidence/gutenbird-setup/default/00-setup.png
drive: every step passed; screenshots in /Users/abhishekanand/Downloads/cobalt-quality-apps/docs/quality/evidence/gutenbird-setup/default
drive: every step passed; screenshots in /Users/abhishekanand/Downloads/cobalt-quality-apps/docs/quality/evidence/gutenbird-setup/default
drive: every step passed; screenshots in /Users/abhishekanand/Downloads/cobalt-quality-apps/docs/quality/evidence/gutenbird-setup/default
shot /Users/abhishekanand/Downloads/cobalt-quality-apps/docs/quality/evidence/gutenbird-setup/default/00-address.png
drive: every step passed; screenshots in /Users/abhishekanand/Downloads/cobalt-quality-apps/docs/quality/evidence/gutenbird-setup/default
drive: every step passed; screenshots in /Users/abhishekanand/Downloads/cobalt-quality-apps/docs/quality/evidence/gutenbird-setup/default
shot /Users/abhishekanand/Downloads/cobalt-quality-apps/docs/quality/evidence/gutenbird-setup/default/00-ready-to-check.png
drive: every step passed; screenshots in /Users/abhishekanand/Downloads/cobalt-quality-apps/docs/quality/evidence/gutenbird-setup/default
drive: every step passed; screenshots in /Users/abhishekanand/Downloads/cobalt-quality-apps/docs/quality/evidence/gutenbird-setup/default
drive: every step passed; screenshots in /Users/abhishekanand/Downloads/cobalt-quality-apps/docs/quality/evidence/gutenbird-setup/default
shot /Users/abhishekanand/Downloads/cobalt-quality-apps/docs/quality/evidence/gutenbird-setup/default/01-reading.png
drive: every step passed; screenshots in /Users/abhishekanand/Downloads/cobalt-quality-apps/docs/quality/evidence/gutenbird-setup/default
drive: every step passed; screenshots in /Users/abhishekanand/Downloads/cobalt-quality-apps/docs/quality/evidence/gutenbird-setup/default
shot /Users/abhishekanand/Downloads/cobalt-quality-apps/docs/quality/evidence/gutenbird-setup/default/02-progress.png
drive: every step passed; screenshots in /Users/abhishekanand/Downloads/cobalt-quality-apps/docs/quality/evidence/gutenbird-setup/default
Kobo app simulator: http://127.0.0.1:51312
task 1 failed: Denied
task 2 failed: Denied
drive: every step passed; screenshots in /Users/abhishekanand/Downloads/cobalt-quality-apps/docs/quality/evidence/gutenbird-setup/default
shot /Users/abhishekanand/Downloads/cobalt-quality-apps/docs/quality/evidence/gutenbird-setup/default/03-offline-reopened.png
drive: every step passed; screenshots in /Users/abhishekanand/Downloads/cobalt-quality-apps/docs/quality/evidence/gutenbird-setup/default
