Kobo app simulator: http://127.0.0.1:51351
drive: every step passed; screenshots in /Users/abhishekanand/Downloads/cobalt-quality-apps/docs/quality/evidence/gutenbird-setup/170
drive: every step passed; screenshots in /Users/abhishekanand/Downloads/cobalt-quality-apps/docs/quality/evidence/gutenbird-setup/170
shot /Users/abhishekanand/Downloads/cobalt-quality-apps/docs/quality/evidence/gutenbird-setup/170/00-setup.png
drive: every step passed; screenshots in /Users/abhishekanand/Downloads/cobalt-quality-apps/docs/quality/evidence/gutenbird-setup/170
drive: every step passed; screenshots in /Users/abhishekanand/Downloads/cobalt-quality-apps/docs/quality/evidence/gutenbird-setup/170
drive: every step passed; screenshots in /Users/abhishekanand/Downloads/cobalt-quality-apps/docs/quality/evidence/gutenbird-setup/170
shot /Users/abhishekanand/Downloads/cobalt-quality-apps/docs/quality/evidence/gutenbird-setup/170/00-address.png
drive: every step passed; screenshots in /Users/abhishekanand/Downloads/cobalt-quality-apps/docs/quality/evidence/gutenbird-setup/170
drive: every step passed; screenshots in /Users/abhishekanand/Downloads/cobalt-quality-apps/docs/quality/evidence/gutenbird-setup/170
shot /Users/abhishekanand/Downloads/cobalt-quality-apps/docs/quality/evidence/gutenbird-setup/170/00-ready-to-check.png
drive: every step passed; screenshots in /Users/abhishekanand/Downloads/cobalt-quality-apps/docs/quality/evidence/gutenbird-setup/170
drive: every step passed; screenshots in /Users/abhishekanand/Downloads/cobalt-quality-apps/docs/quality/evidence/gutenbird-setup/170
drive: every step passed; screenshots in /Users/abhishekanand/Downloads/cobalt-quality-apps/docs/quality/evidence/gutenbird-setup/170
shot /Users/abhishekanand/Downloads/cobalt-quality-apps/docs/quality/evidence/gutenbird-setup/170/01-reading.png
drive: every step passed; screenshots in /Users/abhishekanand/Downloads/cobalt-quality-apps/docs/quality/evidence/gutenbird-setup/170
drive: every step passed; screenshots in /Users/abhishekanand/Downloads/cobalt-quality-apps/docs/quality/evidence/gutenbird-setup/170
shot /Users/abhishekanand/Downloads/cobalt-quality-apps/docs/quality/evidence/gutenbird-setup/170/02-progress.png
drive: every step passed; screenshots in /Users/abhishekanand/Downloads/cobalt-quality-apps/docs/quality/evidence/gutenbird-setup/170
Kobo app simulator: http://127.0.0.1:51728
task 1 failed: Denied
task 2 failed: Denied
drive: every step passed; screenshots in /Users/abhishekanand/Downloads/cobalt-quality-apps/docs/quality/evidence/gutenbird-setup/170
shot /Users/abhishekanand/Downloads/cobalt-quality-apps/docs/quality/evidence/gutenbird-setup/170/03-offline-reopened.png
drive: every step passed; screenshots in /Users/abhishekanand/Downloads/cobalt-quality-apps/docs/quality/evidence/gutenbird-setup/170
